---
source: tests/tests/chapter_1.rs
expression: tokens
---
TokenizedOutput {
    source: "int main(void){return 0;}",
    tokens: [
        Token {
            ttype: Ident,
            has_error: false,
            handle: 0,
        },
        Token {
            ttype: Ident,
            has_error: false,
            handle: 1,
        },
        Token {
            ttype: OpenParen,
            has_error: false,
            handle: 2,
        },
        Token {
            ttype: Ident,
            has_error: false,
            handle: 3,
        },
        Token {
            ttype: CloseParen,
            has_error: false,
            handle: 4,
        },
        Token {
            ttype: OpenBrace,
            has_error: false,
            handle: 5,
        },
        Token {
            ttype: Ident,
            has_error: false,
            handle: 6,
        },
        Token {
            ttype: Constant,
            has_error: false,
            handle: 7,
        },
        Token {
            ttype: Semicolon,
            has_error: false,
            handle: 8,
        },
        Token {
            ttype: CloseBrace,
            has_error: false,
            handle: 9,
        },
    ],
    token_sources: [
        TokenSource {
            start: 0,
            end: 3,
            line: 0,
        },
        TokenSource {
            start: 4,
            end: 8,
            line: 0,
        },
        TokenSource {
            start: 8,
            end: 9,
            line: 0,
        },
        TokenSource {
            start: 9,
            end: 13,
            line: 0,
        },
        TokenSource {
            start: 13,
            end: 14,
            line: 0,
        },
        TokenSource {
            start: 14,
            end: 15,
            line: 0,
        },
        TokenSource {
            start: 15,
            end: 21,
            line: 0,
        },
        TokenSource {
            start: 22,
            end: 23,
            line: 0,
        },
        TokenSource {
            start: 23,
            end: 24,
            line: 0,
        },
        TokenSource {
            start: 24,
            end: 25,
            line: 0,
        },
    ],
    lines: [
        Line {
            start: 0,
            end: 25,
        },
    ],
}
