---
source: cli/tests/chapter-1.rs
expression: codegen(TABS).unwrap()
---
X86 {
    nodes: Program {
        main: FnDef {
            name: "main",
            body: [
                Mov {
                    src: Immediate(
                        0,
                    ),
                    dst: Register,
                },
                Ret,
            ],
        },
    },
}
