---
source: cli/tests/chapter-1.rs
expression: assembly_string(NEWLINES).unwrap()
---
".globl main\nmain:\n    movl $0, %eax\n    ret\n\n.section .note.GNU-stack,\"\",@progbits\n"
