---
source: cli/tests/chapter-1.rs
expression: assembly_string(RETURN_2).unwrap()
---
".globl main\nmain:\n    movl $2, %eax\n    ret\n\n.section .note.GNU-stack,\"\",@progbits\n"
