---
source: src/lib.rs
expression: "Lexer::lex(source)"
---
TokenizedOutput {
    tokens: [],
    token_sources: [],
    lines: [
        Line {
            start: 0,
            end: 0,
        },
    ],
}
